// Jest Snapshot v1, https://goo.gl/fbAQLP

exports[`Settings component should display 1`] = `
<DocumentFragment>
  <div
    class="styles"
  >
    <section>
      <h4>
        soundCheck
      </h4>
      <form>
        <div
          class="form-check"
        >
          <label
            class="form-check-label"
            for="sound-control"
          >
            <input
              checked=""
              class="form-check-input"
              id="sound-control"
              type="checkbox"
            />
            soundCheck
          </label>
        </div>
      </form>
    </section>
    <section>
      <h4
        class="mb-3"
      >
        default
      </h4>
    </section>
    <section>
      <h4
        class="mb-3"
      >
        default
      </h4>
      <p>
        <a
          href="https://github.com/darkwire/darkwire.io/blob/master/client/README.md#translations"
          rel="noopener noreferrer"
          target="_blank"
        >
          default
        </a>
      </p>
      <div
        class="form-group"
      >
        <select
          class="form-control"
        >
          <option
            value="en"
          >
            English
          </option>
          <option
            value="fr"
          >
            Français
          </option>
          <option
            value="oc"
          >
            Occitan
          </option>
          <option
            value="de"
          >
            Deutsch
          </option>
          <option
            value="nl"
          >
            Nederlands
          </option>
          <option
            value="it"
          >
            Italiano
          </option>
          <option
            value="zhCN"
          >
            中文
          </option>
        </select>
      </div>
    </section>
    <section>
      <h4>
        default
      </h4>
      <p>
        default
      </p>
    </section>
    <section>
      <h4>
        default
      </h4>
      <p>
        default
      </p>
    </section>
    <section>
      <h4>
        default
      </h4>
      <p>
        default
      </p>
      <ul>
        <li>
          /nick [username] 
          <span
            class="text-muted"
          >
            default
          </span>
        </li>
        <li>
          /me [action] 
          <span
            class="text-muted"
          >
            default
          </span>
        </li>
        <li>
          /clear 
          <span
            class="text-muted"
          >
            default
          </span>
        </li>
        <li>
          /help 
          <span
            class="text-muted"
          >
            default
          </span>
        </li>
      </ul>
    </section>
  </div>
</DocumentFragment>
`;
